[2026-06-04 00:46:32,115] INFO Reading configuration from: /home/gaurav/kafka_2.12-2.7.0/config/zookeeper.properties (org.apache.zookeeper.server.quorum.QuorumPeerConfig)
[2026-06-04 00:46:32,120] INFO clientPortAddress is 0.0.0.0:2181 (org.apache.zookeeper.server.quorum.QuorumPeerConfig)
[2026-06-04 00:46:32,120] INFO secureClientPort is not set (org.apache.zookeeper.server.quorum.QuorumPeerConfig)
[2026-06-04 00:46:32,122] INFO autopurge.snapRetainCount set to 3 (org.apache.zookeeper.server.DatadirCleanupManager)
[2026-06-04 00:46:32,122] INFO autopurge.purgeInterval set to 0 (org.apache.zookeeper.server.DatadirCleanupManager)
[2026-06-04 00:46:32,122] INFO Purge task is not scheduled. (org.apache.zookeeper.server.DatadirCleanupManager)
[2026-06-04 00:46:32,122] WARN Either no config or no quorum defined in config, running  in standalone mode (org.apache.zookeeper.server.quorum.QuorumPeerMain)
[2026-06-04 00:46:32,126] INFO Log4j 1.2 jmx support found and enabled. (org.apache.zookeeper.jmx.ManagedUtil)
[2026-06-04 00:46:32,136] INFO Reading configuration from: /home/gaurav/kafka_2.12-2.7.0/config/zookeeper.properties (org.apache.zookeeper.server.quorum.QuorumPeerConfig)
[2026-06-04 00:46:32,137] INFO clientPortAddress is 0.0.0.0:2181 (org.apache.zookeeper.server.quorum.QuorumPeerConfig)
[2026-06-04 00:46:32,137] INFO secureClientPort is not set (org.apache.zookeeper.server.quorum.QuorumPeerConfig)
[2026-06-04 00:46:32,137] INFO Starting server (org.apache.zookeeper.server.ZooKeeperServerMain)
[2026-06-04 00:46:32,140] INFO zookeeper.snapshot.trust.empty : false (org.apache.zookeeper.server.persistence.FileTxnSnapLog)
[2026-06-04 00:46:32,157] INFO Server environment:zookeeper.version=3.5.8-f439ca583e70862c3068a1f2a7d4d068eec33315, built on 05/04/2020 15:53 GMT (org.apache.zookeeper.server.ZooKeeperServer)
[2026-06-04 00:46:32,157] INFO Server environment:host.name=B1-96446-GAURAV (org.apache.zookeeper.server.ZooKeeperServer)
[2026-06-04 00:46:32,157] INFO Server environment:java.version=1.8.0_492 (org.apache.zookeeper.server.ZooKeeperServer)
[2026-06-04 00:46:32,157] INFO Server environment:java.vendor=Private Build (org.apache.zookeeper.server.ZooKeeperServer)
[2026-06-04 00:46:32,157] INFO Server environment:java.home=/usr/lib/jvm/java-8-openjdk-amd64/jre (org.apache.zookeeper.server.ZooKeeperServer)
[2026-06-04 00:46:32,157] INFO Server environment:java.class.path=/home/gaurav/kafka_2.12-2.7.0/bin/../libs/activation-1.1.1.jar:/home/gaurav/kafka_2.12-2.7.0/bin/../libs/aopalliance-repackaged-2.6.1.jar:/home/gaurav/kafka_2.12-2.7.0/bin/../libs/argparse4j-0.7.0.jar:/home/gaurav/kafka_2.12-2.7.0/bin/../libs/audience-annotations-0.5.0.jar:/home/gaurav/kafka_2.12-2.7.0/bin/../libs/commons-cli-1.4.jar:/home/gaurav/kafka_2.12-2.7.0/bin/../libs/commons-lang3-3.8.1.jar:/home/gaurav/kafka_2.12-2.7.0/bin/../libs/connect-api-2.7.0.jar:/home/gaurav/kafka_2.12-2.7.0/bin/../libs/connect-basic-auth-extension-2.7.0.jar:/home/gaurav/kafka_2.12-2.7.0/bin/../libs/connect-file-2.7.0.jar:/home/gaurav/kafka_2.12-2.7.0/bin/../libs/connect-json-2.7.0.jar:/home/gaurav/kafka_2.12-2.7.0/bin/../libs/connect-mirror-2.7.0.jar:/home/gaurav/kafka_2.12-2.7.0/bin/../libs/connect-mirror-client-2.7.0.jar:/home/gaurav/kafka_2.12-2.7.0/bin/../libs/connect-runtime-2.7.0.jar:/home/gaurav/kafka_2.12-2.7.0/bin/../libs/connect-transforms-2.7.0.jar:/home/gaurav/kafka_2.12-2.7.0/bin/../libs/hk2-api-2.6.1.jar:/home/gaurav/kafka_2.12-2.7.0/bin/../libs/hk2-locator-2.6.1.jar:/home/gaurav/kafka_2.12-2.7.0/bin/../libs/hk2-utils-2.6.1.jar:/home/gaurav/kafka_2.12-2.7.0/bin/../libs/jackson-annotations-2.10.5.jar:/home/gaurav/kafka_2.12-2.7.0/bin/../libs/jackson-core-2.10.5.jar:/home/gaurav/kafka_2.12-2.7.0/bin/../libs/jackson-databind-2.10.5.1.jar:/home/gaurav/kafka_2.12-2.7.0/bin/../libs/jackson-dataformat-csv-2.10.5.jar:/home/gaurav/kafka_2.12-2.7.0/bin/../libs/jackson-datatype-jdk8-2.10.5.jar:/home/gaurav/kafka_2.12-2.7.0/bin/../libs/jackson-jaxrs-base-2.10.5.jar:/home/gaurav/kafka_2.12-2.7.0/bin/../libs/jackson-jaxrs-json-provider-2.10.5.jar:/home/gaurav/kafka_2.12-2.7.0/bin/../libs/jackson-module-jaxb-annotations-2.10.5.jar:/home/gaurav/kafka_2.12-2.7.0/bin/../libs/jackson-module-paranamer-2.10.5.jar:/home/gaurav/kafka_2.12-2.7.0/bin/../libs/jackson-module-scala_2.12-2.10.5.jar:/home/gaurav/kafka_2.12-2.7.0/bin/../libs/jakarta.activation-api-1.2.1.jar:/home/gaurav/kafka_2.12-2.7.0/bin/../libs/jakarta.annotation-api-1.3.5.jar:/home/gaurav/kafka_2.12-2.7.0/bin/../libs/jakarta.inject-2.6.1.jar:/home/gaurav/kafka_2.12-2.7.0/bin/../libs/jakarta.validation-api-2.0.2.jar:/home/gaurav/kafka_2.12-2.7.0/bin/../libs/jakarta.ws.rs-api-2.1.6.jar:/home/gaurav/kafka_2.12-2.7.0/bin/../libs/jakarta.xml.bind-api-2.3.2.jar:/home/gaurav/kafka_2.12-2.7.0/bin/../libs/javassist-3.25.0-GA.jar:/home/gaurav/kafka_2.12-2.7.0/bin/../libs/javassist-3.26.0-GA.jar:/home/gaurav/kafka_2.12-2.7.0/bin/../libs/javax.servlet-api-3.1.0.jar:/home/gaurav/kafka_2.12-2.7.0/bin/../libs/javax.ws.rs-api-2.1.1.jar:/home/gaurav/kafka_2.12-2.7.0/bin/../libs/jaxb-api-2.3.0.jar:/home/gaurav/kafka_2.12-2.7.0/bin/../libs/jersey-client-2.31.jar:/home/gaurav/kafka_2.12-2.7.0/bin/../libs/jersey-common-2.31.jar:/home/gaurav/kafka_2.12-2.7.0/bin/../libs/jersey-container-servlet-2.31.jar:/home/gaurav/kafka_2.12-2.7.0/bin/../libs/jersey-container-servlet-core-2.31.jar:/home/gaurav/kafka_2.12-2.7.0/bin/../libs/jersey-hk2-2.31.jar:/home/gaurav/kafka_2.12-2.7.0/bin/../libs/jersey-media-jaxb-2.31.jar:/home/gaurav/kafka_2.12-2.7.0/bin/../libs/jersey-server-2.31.jar:/home/gaurav/kafka_2.12-2.7.0/bin/../libs/jetty-client-9.4.33.v20201020.jar:/home/gaurav/kafka_2.12-2.7.0/bin/../libs/jetty-continuation-9.4.33.v20201020.jar:/home/gaurav/kafka_2.12-2.7.0/bin/../libs/jetty-http-9.4.33.v20201020.jar:/home/gaurav/kafka_2.12-2.7.0/bin/../libs/jetty-io-9.4.33.v20201020.jar:/home/gaurav/kafka_2.12-2.7.0/bin/../libs/jetty-security-9.4.33.v20201020.jar:/home/gaurav/kafka_2.12-2.7.0/bin/../libs/jetty-server-9.4.33.v20201020.jar:/home/gaurav/kafka_2.12-2.7.0/bin/../libs/jetty-servlet-9.4.33.v20201020.jar:/home/gaurav/kafka_2.12-2.7.0/bin/../libs/jetty-servlets-9.4.33.v20201020.jar:/home/gaurav/kafka_2.12-2.7.0/bin/../libs/jetty-util-9.4.33.v20201020.jar:/home/gaurav/kafka_2.12-2.7.0/bin/../libs/jopt-simple-5.0.4.jar:/home/gaurav/kafka_2.12-2.7.0/bin/../libs/kafka-clients-2.7.0.jar:/home/gaurav/kafka_2.12-2.7.0/bin/../libs/kafka-log4j-appender-2.7.0.jar:/home/gaurav/kafka_2.12-2.7.0/bin/../libs/kafka-raft-2.7.0.jar:/home/gaurav/kafka_2.12-2.7.0/bin/../libs/kafka-streams-2.7.0.jar:/home/gaurav/kafka_2.12-2.7.0/bin/../libs/kafka-streams-examples-2.7.0.jar:/home/gaurav/kafka_2.12-2.7.0/bin/../libs/kafka-streams-scala_2.12-2.7.0.jar:/home/gaurav/kafka_2.12-2.7.0/bin/../libs/kafka-streams-test-utils-2.7.0.jar:/home/gaurav/kafka_2.12-2.7.0/bin/../libs/kafka-tools-2.7.0.jar:/home/gaurav/kafka_2.12-2.7.0/bin/../libs/kafka_2.12-2.7.0-sources.jar:/home/gaurav/kafka_2.12-2.7.0/bin/../libs/kafka_2.12-2.7.0.jar:/home/gaurav/kafka_2.12-2.7.0/bin/../libs/log4j-1.2.17.jar:/home/gaurav/kafka_2.12-2.7.0/bin/../libs/lz4-java-1.7.1.jar:/home/gaurav/kafka_2.12-2.7.0/bin/../libs/maven-artifact-3.6.3.jar:/home/gaurav/kafka_2.12-2.7.0/bin/../libs/metrics-core-2.2.0.jar:/home/gaurav/kafka_2.12-2.7.0/bin/../libs/netty-buffer-4.1.51.Final.jar:/home/gaurav/kafka_2.12-2.7.0/bin/../libs/netty-codec-4.1.51.Final.jar:/home/gaurav/kafka_2.12-2.7.0/bin/../libs/netty-common-4.1.51.Final.jar:/home/gaurav/kafka_2.12-2.7.0/bin/../libs/netty-handler-4.1.51.Final.jar:/home/gaurav/kafka_2.12-2.7.0/bin/../libs/netty-resolver-4.1.51.Final.jar:/home/gaurav/kafka_2.12-2.7.0/bin/../libs/netty-transport-4.1.51.Final.jar:/home/gaurav/kafka_2.12-2.7.0/bin/../libs/netty-transport-native-epoll-4.1.51.Final.jar:/home/gaurav/kafka_2.12-2.7.0/bin/../libs/netty-transport-native-unix-common-4.1.51.Final.jar:/home/gaurav/kafka_2.12-2.7.0/bin/../libs/osgi-resource-locator-1.0.3.jar:/home/gaurav/kafka_2.12-2.7.0/bin/../libs/paranamer-2.8.jar:/home/gaurav/kafka_2.12-2.7.0/bin/../libs/plexus-utils-3.2.1.jar:/home/gaurav/kafka_2.12-2.7.0/bin/../libs/reflections-0.9.12.jar:/home/gaurav/kafka_2.12-2.7.0/bin/../libs/rocksdbjni-5.18.4.jar:/home/gaurav/kafka_2.12-2.7.0/bin/../libs/scala-collection-compat_2.12-2.2.0.jar:/home/gaurav/kafka_2.12-2.7.0/bin/../libs/scala-java8-compat_2.12-0.9.1.jar:/home/gaurav/kafka_2.12-2.7.0/bin/../libs/scala-library-2.12.12.jar:/home/gaurav/kafka_2.12-2.7.0/bin/../libs/scala-logging_2.12-3.9.2.jar:/home/gaurav/kafka_2.12-2.7.0/bin/../libs/scala-reflect-2.12.12.jar:/home/gaurav/kafka_2.12-2.7.0/bin/../libs/slf4j-api-1.7.30.jar:/home/gaurav/kafka_2.12-2.7.0/bin/../libs/slf4j-log4j12-1.7.30.jar:/home/gaurav/kafka_2.12-2.7.0/bin/../libs/snappy-java-1.1.7.7.jar:/home/gaurav/kafka_2.12-2.7.0/bin/../libs/zookeeper-3.5.8.jar:/home/gaurav/kafka_2.12-2.7.0/bin/../libs/zookeeper-jute-3.5.8.jar:/home/gaurav/kafka_2.12-2.7.0/bin/../libs/zstd-jni-1.4.5-6.jar (org.apache.zookeeper.server.ZooKeeperServer)
[2026-06-04 00:46:32,158] INFO Server environment:java.library.path=/usr/java/packages/lib/amd64:/usr/lib/x86_64-linux-gnu/jni:/lib/x86_64-linux-gnu:/usr/lib/x86_64-linux-gnu:/usr/lib/jni:/lib:/usr/lib (org.apache.zookeeper.server.ZooKeeperServer)
[2026-06-04 00:46:32,158] INFO Server environment:java.io.tmpdir=/tmp (org.apache.zookeeper.server.ZooKeeperServer)
[2026-06-04 00:46:32,158] INFO Server environment:java.compiler=<NA> (org.apache.zookeeper.server.ZooKeeperServer)
[2026-06-04 00:46:32,158] INFO Server environment:os.name=Linux (org.apache.zookeeper.server.ZooKeeperServer)
[2026-06-04 00:46:32,158] INFO Server environment:os.arch=amd64 (org.apache.zookeeper.server.ZooKeeperServer)
[2026-06-04 00:46:32,158] INFO Server environment:os.version=6.17.0-29-generic (org.apache.zookeeper.server.ZooKeeperServer)
[2026-06-04 00:46:32,158] INFO Server environment:user.name=gaurav (org.apache.zookeeper.server.ZooKeeperServer)
[2026-06-04 00:46:32,158] INFO Server environment:user.home=/home/gaurav (org.apache.zookeeper.server.ZooKeeperServer)
[2026-06-04 00:46:32,158] INFO Server environment:user.dir=/home/gaurav/Downloads/PROJECT (org.apache.zookeeper.server.ZooKeeperServer)
[2026-06-04 00:46:32,159] INFO Server environment:os.memory.free=487MB (org.apache.zookeeper.server.ZooKeeperServer)
[2026-06-04 00:46:32,159] INFO Server environment:os.memory.max=512MB (org.apache.zookeeper.server.ZooKeeperServer)
[2026-06-04 00:46:32,159] INFO Server environment:os.memory.total=512MB (org.apache.zookeeper.server.ZooKeeperServer)
[2026-06-04 00:46:32,164] INFO minSessionTimeout set to 6000 (org.apache.zookeeper.server.ZooKeeperServer)
[2026-06-04 00:46:32,164] INFO maxSessionTimeout set to 60000 (org.apache.zookeeper.server.ZooKeeperServer)
[2026-06-04 00:46:32,165] INFO Created server with tickTime 3000 minSessionTimeout 6000 maxSessionTimeout 60000 datadir /home/gaurav/zookeeper-data/version-2 snapdir /home/gaurav/zookeeper-data/version-2 (org.apache.zookeeper.server.ZooKeeperServer)
[2026-06-04 00:46:32,171] INFO Using org.apache.zookeeper.server.NIOServerCnxnFactory as server connection factory (org.apache.zookeeper.server.ServerCnxnFactory)
[2026-06-04 00:46:32,174] INFO Configuring NIO connection handler with 10s sessionless connection timeout, 2 selector thread(s), 24 worker threads, and 64 kB direct buffers. (org.apache.zookeeper.server.NIOServerCnxnFactory)
[2026-06-04 00:46:32,178] INFO binding to port 0.0.0.0/0.0.0.0:2181 (org.apache.zookeeper.server.NIOServerCnxnFactory)
[2026-06-04 00:46:32,190] INFO zookeeper.snapshotSizeFactor = 0.33 (org.apache.zookeeper.server.ZKDatabase)
[2026-06-04 00:46:32,192] INFO Reading snapshot /home/gaurav/zookeeper-data/version-2/snapshot.11e (org.apache.zookeeper.server.persistence.FileSnap)
[2026-06-04 00:46:32,205] INFO Snapshotting: 0x11e to /home/gaurav/zookeeper-data/version-2/snapshot.11e (org.apache.zookeeper.server.persistence.FileTxnSnapLog)
[2026-06-04 00:46:32,227] INFO Using checkIntervalMs=60000 maxPerMinute=10000 (org.apache.zookeeper.server.ContainerManager)
[2026-06-04 00:46:49,496] INFO The list of known four letter word commands is : [{1936881266=srvr, 1937006964=stat, 2003003491=wchc, 1685417328=dump, 1668445044=crst, 1936880500=srst, 1701738089=envi, 1668247142=conf, -720899=telnet close, 2003003507=wchs, 2003003504=wchp, 1684632179=dirs, 1668247155=cons, 1835955314=mntr, 1769173615=isro, 1920298859=ruok, 1735683435=gtmk, 1937010027=stmk}] (org.apache.zookeeper.server.command.FourLetterCommands)
[2026-06-04 00:46:49,496] INFO The list of enabled four letter word commands is : [[srvr]] (org.apache.zookeeper.server.command.FourLetterCommands)
[2026-06-04 00:46:52,035] INFO Expiring session 0x1000000ecda0001, timeout of 18000ms exceeded (org.apache.zookeeper.server.ZooKeeperServer)
[2026-06-04 00:46:52,037] INFO Creating new log file: log.11f (org.apache.zookeeper.server.persistence.FileTxnLog)
